// Jest Snapshot v1, https://goo.gl/fbAQLP

exports[`matches snapshot 1`] = `
<DocumentFragment>
  <div
    class="App"
  >
    <div
      class="container text-center"
    >
      <h1
        class="headline"
      >
        Quotable
      </h1>
      <p
        class="lead"
      >
        Browse or favorite famous quotes from over 100 authors, or post your own quotes.
      </p>
      <h2>
        Welcome testuser!
      </h2>
      <div
        class="listofquotes"
        style="display: flex; flex-wrap: wrap;"
      >
        <div
          class="loading"
        >
          <div
            class="LoadingSpinner"
          >
            <img
              alt="spinner"
              src="spinner.gif"
              width="150px"
            />
          </div>
        </div>
      </div>
    </div>
  </div>
</DocumentFragment>
`;
